/home/caleb/Desktop/cs704/Part_2/COMSYS704/COMSYS704/Projects/STM32L476JG-SensorTile/Applications/ALLMEMS1/Src/main.c:1144:13:SystemClock_Config	5
/home/caleb/Desktop/cs704/Part_2/COMSYS704/COMSYS704/Projects/STM32L476JG-SensorTile/Applications/ALLMEMS1/Src/main.c:827:16:BSP_LSM303AGR_WriteReg_Acc	3
/home/caleb/Desktop/cs704/Part_2/COMSYS704/COMSYS704/Projects/STM32L476JG-SensorTile/Applications/ALLMEMS1/Src/main.c:761:16:BSP_LSM303AGR_WriteReg_Mag	3
/home/caleb/Desktop/cs704/Part_2/COMSYS704/COMSYS704/Projects/STM32L476JG-SensorTile/Applications/ALLMEMS1/Src/main.c:1014:13:Init_BlueNRG_Stack	7
/home/caleb/Desktop/cs704/Part_2/COMSYS704/COMSYS704/Projects/STM32L476JG-SensorTile/Applications/ALLMEMS1/Src/main.c:1109:13:Init_BlueNRG_Custom_Services	2
/home/caleb/Desktop/cs704/Part_2/COMSYS704/COMSYS704/Projects/STM32L476JG-SensorTile/Applications/ALLMEMS1/Src/main.c:570:13:SendMotionData	1
/home/caleb/Desktop/cs704/Part_2/COMSYS704/COMSYS704/Projects/STM32L476JG-SensorTile/Applications/ALLMEMS1/Src/main.c:528:6:HAL_TIM_OC_DelayElapsedCallback	2
/home/caleb/Desktop/cs704/Part_2/COMSYS704/COMSYS704/Projects/STM32L476JG-SensorTile/Applications/ALLMEMS1/Src/main.c:550:6:HAL_TIM_PeriodElapsedCallback	3
/home/caleb/Desktop/cs704/Part_2/COMSYS704/COMSYS704/Projects/STM32L476JG-SensorTile/Applications/ALLMEMS1/Src/main.c:675:9:Sensor_IO_SPI_CS_Init_All	1
/home/caleb/Desktop/cs704/Part_2/COMSYS704/COMSYS704/Projects/STM32L476JG-SensorTile/Applications/ALLMEMS1/Src/main.c:898:6:LSM303AGR_SPI_Read_nBytes	5
/home/caleb/Desktop/cs704/Part_2/COMSYS704/COMSYS704/Projects/STM32L476JG-SensorTile/Applications/ALLMEMS1/Src/main.c:939:6:LSM303AGR_SPI_Read	3
/home/caleb/Desktop/cs704/Part_2/COMSYS704/COMSYS704/Projects/STM32L476JG-SensorTile/Applications/ALLMEMS1/Src/main.c:968:6:LSM303AGR_SPI_Write	4
/home/caleb/Desktop/cs704/Part_2/COMSYS704/COMSYS704/Projects/STM32L476JG-SensorTile/Applications/ALLMEMS1/Src/main.c:792:16:BSP_LSM303AGR_ReadReg_Mag	2
/home/caleb/Desktop/cs704/Part_2/COMSYS704/COMSYS704/Projects/STM32L476JG-SensorTile/Applications/ALLMEMS1/Src/main.c:858:16:BSP_LSM303AGR_ReadReg_Acc	3
/home/caleb/Desktop/cs704/Part_2/COMSYS704/COMSYS704/Projects/STM32L476JG-SensorTile/Applications/ALLMEMS1/Src/main.c:175:13:InitLSM	1
/home/caleb/Desktop/cs704/Part_2/COMSYS704/COMSYS704/Projects/STM32L476JG-SensorTile/Applications/ALLMEMS1/Src/main.c:222:13:startAcc	1
/home/caleb/Desktop/cs704/Part_2/COMSYS704/COMSYS704/Projects/STM32L476JG-SensorTile/Applications/ALLMEMS1/Src/main.c:334:13:readAcc	1
/home/caleb/Desktop/cs704/Part_2/COMSYS704/COMSYS704/Projects/STM32L476JG-SensorTile/Applications/ALLMEMS1/Src/main.c:1218:6:HAL_Delay	2
/home/caleb/Desktop/cs704/Part_2/COMSYS704/COMSYS704/Projects/STM32L476JG-SensorTile/Applications/ALLMEMS1/Src/main.c:494:6:InitTargetPlatform	1
/home/caleb/Desktop/cs704/Part_2/COMSYS704/COMSYS704/Projects/STM32L476JG-SensorTile/Applications/ALLMEMS1/Src/main.c:1232:6:Error_Handler	1
/home/caleb/Desktop/cs704/Part_2/COMSYS704/COMSYS704/Projects/STM32L476JG-SensorTile/Applications/ALLMEMS1/Src/main.c:585:13:InitTimers	1
/home/caleb/Desktop/cs704/Part_2/COMSYS704/COMSYS704/Projects/STM32L476JG-SensorTile/Applications/ALLMEMS1/Src/main.c:374:5:main	7
/home/caleb/Desktop/cs704/Part_2/COMSYS704/COMSYS704/Projects/STM32L476JG-SensorTile/Applications/ALLMEMS1/Src/main.c:1244:6:HAL_GPIO_EXTI_Callback	2
