/home/caleb/Desktop/cs704/Part_2/COMSYS704/COMSYS704/Projects/STM32L476JG-SensorTile/Applications/ALLMEMS1/Src/main.c:1105:13:SystemClock_Config	240	static
/home/caleb/Desktop/cs704/Part_2/COMSYS704/COMSYS704/Projects/STM32L476JG-SensorTile/Applications/ALLMEMS1/Src/main.c:788:16:BSP_LSM303AGR_WriteReg_Acc	24	static
/home/caleb/Desktop/cs704/Part_2/COMSYS704/COMSYS704/Projects/STM32L476JG-SensorTile/Applications/ALLMEMS1/Src/main.c:220:13:startAcc	24	static
/home/caleb/Desktop/cs704/Part_2/COMSYS704/COMSYS704/Projects/STM32L476JG-SensorTile/Applications/ALLMEMS1/Src/main.c:722:16:BSP_LSM303AGR_WriteReg_Mag	24	static
/home/caleb/Desktop/cs704/Part_2/COMSYS704/COMSYS704/Projects/STM32L476JG-SensorTile/Applications/ALLMEMS1/Src/main.c:975:13:Init_BlueNRG_Stack	352	static
/home/caleb/Desktop/cs704/Part_2/COMSYS704/COMSYS704/Projects/STM32L476JG-SensorTile/Applications/ALLMEMS1/Src/main.c:1070:13:Init_BlueNRG_Custom_Services	264	static
/home/caleb/Desktop/cs704/Part_2/COMSYS704/COMSYS704/Projects/STM32L476JG-SensorTile/Applications/ALLMEMS1/Src/main.c:531:13:SendMotionData	8	static
/home/caleb/Desktop/cs704/Part_2/COMSYS704/COMSYS704/Projects/STM32L476JG-SensorTile/Applications/ALLMEMS1/Src/main.c:489:6:HAL_TIM_OC_DelayElapsedCallback	8	static
/home/caleb/Desktop/cs704/Part_2/COMSYS704/COMSYS704/Projects/STM32L476JG-SensorTile/Applications/ALLMEMS1/Src/main.c:511:6:HAL_TIM_PeriodElapsedCallback	8	static
/home/caleb/Desktop/cs704/Part_2/COMSYS704/COMSYS704/Projects/STM32L476JG-SensorTile/Applications/ALLMEMS1/Src/main.c:636:9:Sensor_IO_SPI_CS_Init_All	80	static
/home/caleb/Desktop/cs704/Part_2/COMSYS704/COMSYS704/Projects/STM32L476JG-SensorTile/Applications/ALLMEMS1/Src/main.c:859:6:LSM303AGR_SPI_Read_nBytes	4	static,ignoring_inline_asm
/home/caleb/Desktop/cs704/Part_2/COMSYS704/COMSYS704/Projects/STM32L476JG-SensorTile/Applications/ALLMEMS1/Src/main.c:900:6:LSM303AGR_SPI_Read	0	static,ignoring_inline_asm
/home/caleb/Desktop/cs704/Part_2/COMSYS704/COMSYS704/Projects/STM32L476JG-SensorTile/Applications/ALLMEMS1/Src/main.c:929:6:LSM303AGR_SPI_Write	0	static
/home/caleb/Desktop/cs704/Part_2/COMSYS704/COMSYS704/Projects/STM32L476JG-SensorTile/Applications/ALLMEMS1/Src/main.c:753:16:BSP_LSM303AGR_ReadReg_Mag	24	static
/home/caleb/Desktop/cs704/Part_2/COMSYS704/COMSYS704/Projects/STM32L476JG-SensorTile/Applications/ALLMEMS1/Src/main.c:819:16:BSP_LSM303AGR_ReadReg_Acc	16	static
/home/caleb/Desktop/cs704/Part_2/COMSYS704/COMSYS704/Projects/STM32L476JG-SensorTile/Applications/ALLMEMS1/Src/main.c:175:13:InitLSM	280	static
/home/caleb/Desktop/cs704/Part_2/COMSYS704/COMSYS704/Projects/STM32L476JG-SensorTile/Applications/ALLMEMS1/Src/main.c:295:13:readAcc	280	static
/home/caleb/Desktop/cs704/Part_2/COMSYS704/COMSYS704/Projects/STM32L476JG-SensorTile/Applications/ALLMEMS1/Src/main.c:1179:6:HAL_Delay	16	static,ignoring_inline_asm
/home/caleb/Desktop/cs704/Part_2/COMSYS704/COMSYS704/Projects/STM32L476JG-SensorTile/Applications/ALLMEMS1/Src/main.c:455:6:InitTargetPlatform	8	static
/home/caleb/Desktop/cs704/Part_2/COMSYS704/COMSYS704/Projects/STM32L476JG-SensorTile/Applications/ALLMEMS1/Src/main.c:1193:6:Error_Handler	0	static
/home/caleb/Desktop/cs704/Part_2/COMSYS704/COMSYS704/Projects/STM32L476JG-SensorTile/Applications/ALLMEMS1/Src/main.c:546:13:InitTimers	56	static
/home/caleb/Desktop/cs704/Part_2/COMSYS704/COMSYS704/Projects/STM32L476JG-SensorTile/Applications/ALLMEMS1/Src/main.c:335:5:main	8	static,ignoring_inline_asm
/home/caleb/Desktop/cs704/Part_2/COMSYS704/COMSYS704/Projects/STM32L476JG-SensorTile/Applications/ALLMEMS1/Src/main.c:1205:6:HAL_GPIO_EXTI_Callback	8	static
