/home/caleb/Desktop/cs704/Part_2/COMSYS704/COMSYS704/Projects/STM32L476JG-SensorTile/Applications/ALLMEMS1/Src/main.c:202:13:readMag	1
/home/caleb/Desktop/cs704/Part_2/COMSYS704/COMSYS704/Projects/STM32L476JG-SensorTile/Applications/ALLMEMS1/Src/main.c:214:13:readAcc	1
/home/caleb/Desktop/cs704/Part_2/COMSYS704/COMSYS704/Projects/STM32L476JG-SensorTile/Applications/ALLMEMS1/Src/main.c:998:13:SystemClock_Config	5
/home/caleb/Desktop/cs704/Part_2/COMSYS704/COMSYS704/Projects/STM32L476JG-SensorTile/Applications/ALLMEMS1/Src/main.c:681:16:BSP_LSM303AGR_WriteReg_Acc	3
/home/caleb/Desktop/cs704/Part_2/COMSYS704/COMSYS704/Projects/STM32L476JG-SensorTile/Applications/ALLMEMS1/Src/main.c:615:16:BSP_LSM303AGR_WriteReg_Mag	3
/home/caleb/Desktop/cs704/Part_2/COMSYS704/COMSYS704/Projects/STM32L476JG-SensorTile/Applications/ALLMEMS1/Src/main.c:868:13:Init_BlueNRG_Stack	7
/home/caleb/Desktop/cs704/Part_2/COMSYS704/COMSYS704/Projects/STM32L476JG-SensorTile/Applications/ALLMEMS1/Src/main.c:963:13:Init_BlueNRG_Custom_Services	2
/home/caleb/Desktop/cs704/Part_2/COMSYS704/COMSYS704/Projects/STM32L476JG-SensorTile/Applications/ALLMEMS1/Src/main.c:424:13:SendMotionData	1
/home/caleb/Desktop/cs704/Part_2/COMSYS704/COMSYS704/Projects/STM32L476JG-SensorTile/Applications/ALLMEMS1/Src/main.c:382:6:HAL_TIM_OC_DelayElapsedCallback	2
/home/caleb/Desktop/cs704/Part_2/COMSYS704/COMSYS704/Projects/STM32L476JG-SensorTile/Applications/ALLMEMS1/Src/main.c:404:6:HAL_TIM_PeriodElapsedCallback	3
/home/caleb/Desktop/cs704/Part_2/COMSYS704/COMSYS704/Projects/STM32L476JG-SensorTile/Applications/ALLMEMS1/Src/main.c:529:9:Sensor_IO_SPI_CS_Init_All	1
/home/caleb/Desktop/cs704/Part_2/COMSYS704/COMSYS704/Projects/STM32L476JG-SensorTile/Applications/ALLMEMS1/Src/main.c:752:6:LSM303AGR_SPI_Read_nBytes	5
/home/caleb/Desktop/cs704/Part_2/COMSYS704/COMSYS704/Projects/STM32L476JG-SensorTile/Applications/ALLMEMS1/Src/main.c:793:6:LSM303AGR_SPI_Read	3
/home/caleb/Desktop/cs704/Part_2/COMSYS704/COMSYS704/Projects/STM32L476JG-SensorTile/Applications/ALLMEMS1/Src/main.c:822:6:LSM303AGR_SPI_Write	4
/home/caleb/Desktop/cs704/Part_2/COMSYS704/COMSYS704/Projects/STM32L476JG-SensorTile/Applications/ALLMEMS1/Src/main.c:646:16:BSP_LSM303AGR_ReadReg_Mag	2
/home/caleb/Desktop/cs704/Part_2/COMSYS704/COMSYS704/Projects/STM32L476JG-SensorTile/Applications/ALLMEMS1/Src/main.c:712:16:BSP_LSM303AGR_ReadReg_Acc	3
/home/caleb/Desktop/cs704/Part_2/COMSYS704/COMSYS704/Projects/STM32L476JG-SensorTile/Applications/ALLMEMS1/Src/main.c:175:13:InitLSM	1
/home/caleb/Desktop/cs704/Part_2/COMSYS704/COMSYS704/Projects/STM32L476JG-SensorTile/Applications/ALLMEMS1/Src/main.c:1072:6:HAL_Delay	2
/home/caleb/Desktop/cs704/Part_2/COMSYS704/COMSYS704/Projects/STM32L476JG-SensorTile/Applications/ALLMEMS1/Src/main.c:348:6:InitTargetPlatform	1
/home/caleb/Desktop/cs704/Part_2/COMSYS704/COMSYS704/Projects/STM32L476JG-SensorTile/Applications/ALLMEMS1/Src/main.c:1086:6:Error_Handler	1
/home/caleb/Desktop/cs704/Part_2/COMSYS704/COMSYS704/Projects/STM32L476JG-SensorTile/Applications/ALLMEMS1/Src/main.c:439:13:InitTimers	1
/home/caleb/Desktop/cs704/Part_2/COMSYS704/COMSYS704/Projects/STM32L476JG-SensorTile/Applications/ALLMEMS1/Src/main.c:231:5:main	7
/home/caleb/Desktop/cs704/Part_2/COMSYS704/COMSYS704/Projects/STM32L476JG-SensorTile/Applications/ALLMEMS1/Src/main.c:1098:6:HAL_GPIO_EXTI_Callback	2
